ARM Linker, 5.03 [Build 24] [MDK-ARM Standard]

==============================================================================

Section Cross References

    ht32f5xxxx_adc.o(.text) refers to ht32f5xxxx_rstcu.o(.text) for RSTCU_PeripReset
    ht32f5xxxx_bftm.o(.text) refers to ht32f5xxxx_rstcu.o(.text) for RSTCU_PeripReset
    ht32f5xxxx_ckcu.o(.text) refers to ht32f5xxxx_ckcu.o(i.__ARM_common_switch8) for __ARM_common_switch8
    ht32f5xxxx_ckcu.o(.text) refers to aeabi_sdiv.o(.text) for __aeabi_uidivmod
    ht32f5xxxx_ckcu.o(.text) refers to system_ht32f5xxxx_01.o(.text) for SystemCoreClockUpdate
    ht32f5xxxx_ckcu.o(.text) refers to system_ht32f5xxxx_01.o(.data) for SystemCoreClock
    ht32f5xxxx_gpio.o(.text) refers to ht32f5xxxx_rstcu.o(.text) for RSTCU_PeripReset
    ht32f5xxxx_gpio.o(.text) refers to ht32f5xxxx_ckcu.o(.text) for CKCU_PeripClockConfig
    ht32f5xxxx_tm.o(.text) refers to ht32f5xxxx_rstcu.o(.text) for RSTCU_PeripReset
    ht32f5xxxx_usart.o(.text) refers to ht32f5xxxx_rstcu.o(.text) for RSTCU_PeripReset
    ht32f5xxxx_usart.o(.text) refers to ht32f5xxxx_ckcu.o(.text) for CKCU_GetPeripFrequency
    ht32f5xxxx_usart.o(.text) refers to aeabi_sdiv.o(.text) for __aeabi_uidivmod
    ht32f5xxxx_wdt.o(.text) refers to ht32f5xxxx_rstcu.o(.text) for RSTCU_PeripReset
    ht32_cm0plus_misc.o(.text) refers to ht32_cm0plus_misc.o(.data) for Data
    ht32_cm0plus_misc.o(.text) refers to ht32_cm0plus_misc.o(.constdata) for RandData
    system_ht32f5xxxx_01.o(.text) refers to system_ht32f5xxxx_01.o(.data) for SystemCoreClock
    startup_ht32f52231_41.o(STACK) refers (Special) to heapauxi.o(.text) for __use_two_region_memory
    startup_ht32f52231_41.o(HEAP) refers (Special) to heapauxi.o(.text) for __use_two_region_memory
    startup_ht32f52231_41.o(RESET) refers (Special) to heapauxi.o(.text) for __use_two_region_memory
    startup_ht32f52231_41.o(RESET) refers to startup_ht32f52231_41.o(STACK) for __initial_sp
    startup_ht32f52231_41.o(RESET) refers to ht32f5xxxx_01_it.o(.text) for NMI_Handler
    startup_ht32f52231_41.o(RESET) refers to system_ht32f5xxxx_01.o(.text) for SystemInit
    startup_ht32f52231_41.o(RESET) refers to __main.o(!!!main) for __main
    startup_ht32f52231_41.o(RESET) refers to startup_ht32f52231_41.o(HEAP) for Heap_Mem
    main.o(.text) refers to bsp.o(.text) for prvSetupHardware
    main.o(.text) refers to apilib.o(.text) for api_MachinePowerOn
    main.o(.text) refers to main.o(.bss) for mMaininf
    bsp.o(.text) refers to ht32_cm0plus_misc.o(.text) for NVIC_SetVectorTable
    bsp.o(.text) refers to ht32f5xxxx_ckcu.o(.text) for CKCU_PeripClockConfig
    bsp.o(.text) refers to aeabi_sdiv.o(.text) for __aeabi_uidivmod
    bsp.o(.text) refers to ht32f5xxxx_bftm.o(.text) for BFTM_SetCompare
    bsp.o(.text) refers to ht32f5xxxx_gpio.o(.text) for AFIO_GPxConfig
    bsp.o(.text) refers to ht32f5xxxx_usart.o(.text) for USART_DeInit
    bsp.o(.text) refers to ht32f5xxxx_tm.o(.text) for TM_TimeBaseInit
    bsp.o(.text) refers to ht32f5xxxx_adc.o(.text) for ADC_DeInit
    bsp.o(.text) refers to system_ht32f5xxxx_01.o(.data) for SystemCoreClock
    bsp.o(.text) refers to ht32f5xxxx_exti.o(.text) for EXTI_Init
    bsp.o(.text) refers to rt_memclr.o(.text) for __aeabi_memclr4
    bsp.o(.text) refers to main.o(.bss) for mMaininf
    ht32f5xxxx_01_it.o(.text) refers to ht32f5xxxx_exti.o(.text) for EXTI_ClearEdgeFlag
    ht32f5xxxx_01_it.o(.text) refers to ht32f5xxxx_adc.o(.text) for ADC_ClearIntPendingBit
    ht32f5xxxx_01_it.o(.text) refers to bsp.o(.text) for PWM_Configuration
    ht32f5xxxx_01_it.o(.text) refers to apilib.o(.text) for api_Send_PWM
    ht32f5xxxx_01_it.o(.text) refers to ht32f5xxxx_bftm.o(.text) for BFTM_ClearFlag
    ht32f5xxxx_01_it.o(.text) refers to ht32f5xxxx_usart.o(.text) for USART_GetFlagStatus
    ht32f5xxxx_01_it.o(.text) refers to ht32f5xxxx_01_it.o(.data) for gIsContinue
    ht32f5xxxx_01_it.o(.text) refers to main.o(.bss) for mMaininf
    delay.o(.text) refers to delay.o(.data) for fac_us
    apilib.o(.text) refers to ht32f5xxxx_usart.o(.text) for USART_IntConfig
    apilib.o(.text) refers to ht32f5xxxx_ckcu.o(i.__ARM_common_switch8) for __ARM_common_switch8
    apilib.o(.text) refers to main.o(.bss) for mMaininf
    apilib.o(.text) refers to ht32f5xxxx_gpio.o(.text) for GPIO_WriteOutBits
    apilib.o(.text) refers to ht32f5xxxx_tm.o(.text) for TM_SetCaptureCompare
    apilib.o(.text) refers to bsp.o(.text) for PWM_Configuration
    __main.o(!!!main) refers to rtentry.o(.ARM.Collect$$rtentry$$00000000) for __rt_entry
    rtentry.o(.ARM.Collect$$rtentry$$00000000) refers (Special) to rtentry2.o(.ARM.Collect$$rtentry$$0000000A) for __rt_entry_li
    rtentry.o(.ARM.Collect$$rtentry$$00000000) refers (Special) to rtentry2.o(.ARM.Collect$$rtentry$$0000000D) for __rt_entry_main
    rtentry.o(.ARM.Collect$$rtentry$$00000000) refers (Special) to rtentry2.o(.ARM.Collect$$rtentry$$0000000C) for __rt_entry_postli_1
    rtentry.o(.ARM.Collect$$rtentry$$00000000) refers (Special) to rtentry2.o(.ARM.Collect$$rtentry$$00000009) for __rt_entry_postsh_1
    rtentry.o(.ARM.Collect$$rtentry$$00000000) refers (Special) to rtentry2.o(.ARM.Collect$$rtentry$$00000002) for __rt_entry_presh_1
    rtentry.o(.ARM.Collect$$rtentry$$00000000) refers (Special) to rtentry4.o(.ARM.Collect$$rtentry$$00000004) for __rt_entry_sh
    aeabi_idiv0_sigfpe.o(.text) refers to rt_div0.o(.text) for __rt_div0
    rtentry2.o(.ARM.Collect$$rtentry$$00000008) refers to boardinit2.o(.text) for _platform_post_stackheap_init
    rtentry2.o(.ARM.Collect$$rtentry$$0000000A) refers to libinit.o(.ARM.Collect$$libinit$$00000000) for __rt_lib_init
    rtentry2.o(.ARM.Collect$$rtentry$$0000000B) refers to boardinit3.o(.text) for _platform_post_lib_init
    rtentry2.o(.ARM.Collect$$rtentry$$0000000D) refers to main.o(.text) for main
    rtentry2.o(.ARM.Collect$$rtentry$$0000000D) refers to exit.o(.text) for exit
    rtentry2.o(.ARM.exidx) refers to rtentry2.o(.ARM.Collect$$rtentry$$00000001) for .ARM.Collect$$rtentry$$00000001
    rtentry2.o(.ARM.exidx) refers to rtentry2.o(.ARM.Collect$$rtentry$$00000008) for .ARM.Collect$$rtentry$$00000008
    rtentry2.o(.ARM.exidx) refers to rtentry2.o(.ARM.Collect$$rtentry$$0000000A) for .ARM.Collect$$rtentry$$0000000A
    rtentry2.o(.ARM.exidx) refers to rtentry2.o(.ARM.Collect$$rtentry$$0000000B) for .ARM.Collect$$rtentry$$0000000B
    rtentry2.o(.ARM.exidx) refers to rtentry2.o(.ARM.Collect$$rtentry$$0000000D) for .ARM.Collect$$rtentry$$0000000D
    rtentry4.o(.ARM.Collect$$rtentry$$00000004) refers to sys_stackheap_outer.o(.text) for __user_setup_stackheap
    rtentry4.o(.ARM.exidx) refers to rtentry4.o(.ARM.Collect$$rtentry$$00000004) for .ARM.Collect$$rtentry$$00000004
    rt_div0.o(.text) refers to defsig_fpe_outer.o(.text) for __rt_SIGFPE
    sys_stackheap_outer.o(.text) refers to libspace.o(.text) for __user_perproc_libspace
    sys_stackheap_outer.o(.text) refers to startup_ht32f52231_41.o(RESET) for __user_initial_stackheap
    sys_stackheap_outer.o(__vectab_stack_and_reset_area) refers to tempstk.o(.text) for __temporary_stack_top
    sys_stackheap_outer.o(__vectab_stack_and_reset_area) refers to __main.o(!!!main) for __main
    exit.o(.text) refers to rtexit.o(.ARM.Collect$$rtexit$$00000000) for __rt_exit
    defsig_fpe_outer.o(.text) refers to defsig_fpe_inner.o(.text) for __rt_SIGFPE_inner
    defsig_fpe_outer.o(.text) refers to defsig_exit.o(.text) for __sig_exit
    defsig_fpe_formal.o(.text) refers to rt_raise.o(.text) for __rt_raise
    libinit.o(.ARM.Collect$$libinit$$00000000) refers (Special) to libinit2.o(.ARM.Collect$$libinit$$0000002C) for __rt_lib_init_alloca_1
    libinit.o(.ARM.Collect$$libinit$$00000000) refers (Special) to libinit2.o(.ARM.Collect$$libinit$$0000002A) for __rt_lib_init_argv_1
    libinit.o(.ARM.Collect$$libinit$$00000000) refers (Special) to libinit2.o(.ARM.Collect$$libinit$$00000019) for __rt_lib_init_atexit_1
    libinit.o(.ARM.Collect$$libinit$$00000000) refers (Special) to libinit2.o(.ARM.Collect$$libinit$$0000001F) for __rt_lib_init_clock_1
    libinit.o(.ARM.Collect$$libinit$$00000000) refers (Special) to libinit2.o(.ARM.Collect$$libinit$$00000030) for __rt_lib_init_cpp_1
    libinit.o(.ARM.Collect$$libinit$$00000000) refers (Special) to libinit2.o(.ARM.Collect$$libinit$$0000002E) for __rt_lib_init_exceptions_1
    libinit.o(.ARM.Collect$$libinit$$00000000) refers (Special) to libinit2.o(.ARM.Collect$$libinit$$00000001) for __rt_lib_init_fp_1
    libinit.o(.ARM.Collect$$libinit$$00000000) refers (Special) to libinit2.o(.ARM.Collect$$libinit$$0000001D) for __rt_lib_init_fp_trap_1
    libinit.o(.ARM.Collect$$libinit$$00000000) refers (Special) to libinit2.o(.ARM.Collect$$libinit$$00000021) for __rt_lib_init_getenv_1
    libinit.o(.ARM.Collect$$libinit$$00000000) refers (Special) to libinit2.o(.ARM.Collect$$libinit$$00000008) for __rt_lib_init_heap_1
    libinit.o(.ARM.Collect$$libinit$$00000000) refers (Special) to libinit2.o(.ARM.Collect$$libinit$$0000000F) for __rt_lib_init_lc_collate_1
    libinit.o(.ARM.Collect$$libinit$$00000000) refers (Special) to libinit2.o(.ARM.Collect$$libinit$$00000011) for __rt_lib_init_lc_ctype_1
    libinit.o(.ARM.Collect$$libinit$$00000000) refers (Special) to libinit2.o(.ARM.Collect$$libinit$$00000013) for __rt_lib_init_lc_monetary_1
    libinit.o(.ARM.Collect$$libinit$$00000000) refers (Special) to libinit2.o(.ARM.Collect$$libinit$$00000015) for __rt_lib_init_lc_numeric_1
    libinit.o(.ARM.Collect$$libinit$$00000000) refers (Special) to libinit2.o(.ARM.Collect$$libinit$$00000017) for __rt_lib_init_lc_time_1
    libinit.o(.ARM.Collect$$libinit$$00000000) refers (Special) to libinit2.o(.ARM.Collect$$libinit$$0000000C) for __rt_lib_init_rand_1
    libinit.o(.ARM.Collect$$libinit$$00000000) refers (Special) to libinit2.o(.ARM.Collect$$libinit$$00000031) for __rt_lib_init_return
    libinit.o(.ARM.Collect$$libinit$$00000000) refers (Special) to libinit2.o(.ARM.Collect$$libinit$$0000001B) for __rt_lib_init_signal_1
    libinit.o(.ARM.Collect$$libinit$$00000000) refers (Special) to libinit2.o(.ARM.Collect$$libinit$$00000023) for __rt_lib_init_stdio_1
    libinit.o(.ARM.Collect$$libinit$$00000000) refers (Special) to libinit2.o(.ARM.Collect$$libinit$$0000000A) for __rt_lib_init_user_alloc_1
    libspace.o(.text) refers to libspace.o(.bss) for __libspace_start
    rtexit.o(.ARM.Collect$$rtexit$$00000000) refers (Special) to rtexit2.o(.ARM.Collect$$rtexit$$00000004) for __rt_exit_exit
    rtexit.o(.ARM.Collect$$rtexit$$00000000) refers (Special) to rtexit2.o(.ARM.Collect$$rtexit$$00000003) for __rt_exit_ls
    rtexit.o(.ARM.Collect$$rtexit$$00000000) refers (Special) to rtexit2.o(.ARM.Collect$$rtexit$$00000002) for __rt_exit_prels_1
    rtexit.o(.ARM.exidx) refers (Special) to rtexit2.o(.ARM.Collect$$rtexit$$00000004) for __rt_exit_exit
    rtexit.o(.ARM.exidx) refers (Special) to rtexit2.o(.ARM.Collect$$rtexit$$00000003) for __rt_exit_ls
    rtexit.o(.ARM.exidx) refers (Special) to rtexit2.o(.ARM.Collect$$rtexit$$00000002) for __rt_exit_prels_1
    rtexit.o(.ARM.exidx) refers to rtexit.o(.ARM.Collect$$rtexit$$00000000) for .ARM.Collect$$rtexit$$00000000
    rt_raise.o(.text) refers to __raise.o(.text) for __raise
    rt_raise.o(.text) refers to sys_exit.o(.text) for _sys_exit
    defsig_exit.o(.text) refers to sys_exit.o(.text) for _sys_exit
    defsig_fpe_inner.o(.text) refers to defsig_general.o(.text) for __default_signal_display
    libinit2.o(.ARM.Collect$$libinit$$0000000E) refers to libinit2.o(.ARM.Collect$$libinit$$0000000D) for .ARM.Collect$$libinit$$0000000D
    libinit2.o(.ARM.Collect$$libinit$$00000010) refers to libinit2.o(.ARM.Collect$$libinit$$0000000D) for .ARM.Collect$$libinit$$0000000D
    libinit2.o(.ARM.Collect$$libinit$$00000012) refers to libinit2.o(.ARM.Collect$$libinit$$0000000D) for .ARM.Collect$$libinit$$0000000D
    libinit2.o(.ARM.Collect$$libinit$$00000014) refers to libinit2.o(.ARM.Collect$$libinit$$0000000D) for .ARM.Collect$$libinit$$0000000D
    libinit2.o(.ARM.Collect$$libinit$$00000016) refers to libinit2.o(.ARM.Collect$$libinit$$0000000D) for .ARM.Collect$$libinit$$0000000D
    libinit2.o(.ARM.Collect$$libinit$$00000024) refers to argv_veneer.o(.text) for __ARM_argv_veneer
    libinit2.o(.ARM.Collect$$libinit$$00000025) refers to argv_veneer.o(.text) for __ARM_argv_veneer
    sys_exit.o(.text) refers (Special) to use_no_semi.o(.text) for __I$use$semihosting
    sys_exit.o(.text) refers (Special) to indicate_semi.o(.text) for __semihosting_library_function
    rtexit2.o(.ARM.Collect$$rtexit$$00000003) refers to libshutdown.o(.ARM.Collect$$libshutdown$$00000000) for __rt_lib_shutdown
    rtexit2.o(.ARM.Collect$$rtexit$$00000004) refers to sys_exit.o(.text) for _sys_exit
    rtexit2.o(.ARM.exidx) refers to rtexit2.o(.ARM.Collect$$rtexit$$00000001) for .ARM.Collect$$rtexit$$00000001
    rtexit2.o(.ARM.exidx) refers to rtexit2.o(.ARM.Collect$$rtexit$$00000003) for .ARM.Collect$$rtexit$$00000003
    rtexit2.o(.ARM.exidx) refers to rtexit2.o(.ARM.Collect$$rtexit$$00000004) for .ARM.Collect$$rtexit$$00000004
    __raise.o(.text) refers to defsig.o(CL$$defsig) for __default_signal_handler
    defsig_general.o(.text) refers to sys_wrch.o(.text) for _ttywrch
    sys_wrch.o(.text) refers (Special) to use_no_semi.o(.text) for __I$use$semihosting
    sys_wrch.o(.text) refers (Special) to indicate_semi.o(.text) for __semihosting_library_function
    defsig.o(CL$$defsig) refers to defsig_fpe_inner.o(.text) for __rt_SIGFPE_inner
    defsig.o(CL$$defsig) refers to defsig_rtmem_inner.o(.text) for __rt_SIGRTMEM_inner
    _get_argv_nomalloc.o(.text) refers (Special) to hrguard.o(.text) for __heap_region$guard
    _get_argv_nomalloc.o(.text) refers to defsig_rtmem_outer.o(.text) for __rt_SIGRTMEM
    _get_argv_nomalloc.o(.text) refers to sys_command.o(.text) for _sys_command_string
    libshutdown.o(.ARM.Collect$$libshutdown$$00000000) refers (Special) to libshutdown2.o(.ARM.Collect$$libshutdown$$00000006) for __rt_lib_shutdown_fp_trap_1
    libshutdown.o(.ARM.Collect$$libshutdown$$00000000) refers (Special) to libshutdown2.o(.ARM.Collect$$libshutdown$$0000000E) for __rt_lib_shutdown_heap_1
    libshutdown.o(.ARM.Collect$$libshutdown$$00000000) refers (Special) to libshutdown2.o(.ARM.Collect$$libshutdown$$0000000F) for __rt_lib_shutdown_return
    libshutdown.o(.ARM.Collect$$libshutdown$$00000000) refers (Special) to libshutdown2.o(.ARM.Collect$$libshutdown$$00000009) for __rt_lib_shutdown_signal_1
    libshutdown.o(.ARM.Collect$$libshutdown$$00000000) refers (Special) to libshutdown2.o(.ARM.Collect$$libshutdown$$00000003) for __rt_lib_shutdown_stdio_1
    libshutdown.o(.ARM.Collect$$libshutdown$$00000000) refers (Special) to libshutdown2.o(.ARM.Collect$$libshutdown$$0000000B) for __rt_lib_shutdown_user_alloc_1
    sys_command.o(.text) refers (Special) to use_no_semi.o(.text) for __I$use$semihosting
    sys_command.o(.text) refers (Special) to indicate_semi.o(.text) for __semihosting_library_function
    defsig_abrt_inner.o(.text) refers to defsig_general.o(.text) for __default_signal_display
    defsig_rtred_inner.o(.text) refers to defsig_general.o(.text) for __default_signal_display
    defsig_rtmem_inner.o(.text) refers to defsig_general.o(.text) for __default_signal_display
    defsig_rtmem_outer.o(.text) refers to defsig_rtmem_inner.o(.text) for __rt_SIGRTMEM_inner
    defsig_rtmem_outer.o(.text) refers to defsig_exit.o(.text) for __sig_exit
    defsig_rtmem_formal.o(.text) refers to rt_raise.o(.text) for __rt_raise
    defsig_stak_inner.o(.text) refers to defsig_general.o(.text) for __default_signal_display
    defsig_pvfn_inner.o(.text) refers to defsig_general.o(.text) for __default_signal_display
    defsig_cppl_inner.o(.text) refers to defsig_general.o(.text) for __default_signal_display
    defsig_segv_inner.o(.text) refers to defsig_general.o(.text) for __default_signal_display
    defsig_other.o(.text) refers to defsig_general.o(.text) for __default_signal_display


==============================================================================

Removing Unused input sections from the image.

    Removing ht32f5xxxx_adc.o(.rev16_text), (4 bytes).
    Removing ht32f5xxxx_adc.o(.revsh_text), (4 bytes).
    Removing ht32f5xxxx_bftm.o(.rev16_text), (4 bytes).
    Removing ht32f5xxxx_bftm.o(.revsh_text), (4 bytes).
    Removing ht32f5xxxx_ckcu.o(.rev16_text), (4 bytes).
    Removing ht32f5xxxx_ckcu.o(.revsh_text), (4 bytes).
    Removing ht32f5xxxx_exti.o(.rev16_text), (4 bytes).
    Removing ht32f5xxxx_exti.o(.revsh_text), (4 bytes).
    Removing ht32f5xxxx_gpio.o(.rev16_text), (4 bytes).
    Removing ht32f5xxxx_gpio.o(.revsh_text), (4 bytes).
    Removing ht32f5xxxx_pwrcu.o(.rev16_text), (4 bytes).
    Removing ht32f5xxxx_pwrcu.o(.revsh_text), (4 bytes).
    Removing ht32f5xxxx_pwrcu.o(.text), (1164 bytes).
    Removing ht32f5xxxx_rstcu.o(.rev16_text), (4 bytes).
    Removing ht32f5xxxx_rstcu.o(.revsh_text), (4 bytes).
    Removing ht32f5xxxx_tm.o(.rev16_text), (4 bytes).
    Removing ht32f5xxxx_tm.o(.revsh_text), (4 bytes).
    Removing ht32f5xxxx_usart.o(.rev16_text), (4 bytes).
    Removing ht32f5xxxx_usart.o(.revsh_text), (4 bytes).
    Removing ht32f5xxxx_wdt.o(.rev16_text), (4 bytes).
    Removing ht32f5xxxx_wdt.o(.revsh_text), (4 bytes).
    Removing ht32f5xxxx_wdt.o(.text), (348 bytes).
    Removing ht32f5xxxx_mctm.o(.rev16_text), (4 bytes).
    Removing ht32f5xxxx_mctm.o(.revsh_text), (4 bytes).
    Removing ht32f5xxxx_mctm.o(.text), (196 bytes).
    Removing ht32_cm0plus_misc.o(.rev16_text), (4 bytes).
    Removing ht32_cm0plus_misc.o(.revsh_text), (4 bytes).
    Removing system_ht32f5xxxx_01.o(.rev16_text), (4 bytes).
    Removing system_ht32f5xxxx_01.o(.revsh_text), (4 bytes).
    Removing main.o(.rev16_text), (4 bytes).
    Removing main.o(.revsh_text), (4 bytes).
    Removing bsp.o(.rev16_text), (4 bytes).
    Removing bsp.o(.revsh_text), (4 bytes).
    Removing ht32f5xxxx_01_it.o(.rev16_text), (4 bytes).
    Removing ht32f5xxxx_01_it.o(.revsh_text), (4 bytes).
    Removing delay.o(.rev16_text), (4 bytes).
    Removing delay.o(.revsh_text), (4 bytes).
    Removing delay.o(.text), (152 bytes).
    Removing delay.o(.data), (4 bytes).
    Removing apilib.o(.rev16_text), (4 bytes).
    Removing apilib.o(.revsh_text), (4 bytes).

41 unused section(s) (total 2008 bytes) removed from the image.

==============================================================================

Image Symbol Table

    Local Symbols

    Symbol Name                              Value     Ov Type        Size  Object(Section)

    RESET                                    0x00000000   Section      236  startup_ht32f52231_41.o(RESET)
    ../clib/../cmprslib/zerorunl2.c          0x00000000   Number         0  __dczerorl2.o ABSOLUTE
    ../clib/angel/boardlib.s                 0x00000000   Number         0  boardinit1.o ABSOLUTE
    ../clib/angel/boardlib.s                 0x00000000   Number         0  boardshut.o ABSOLUTE
    ../clib/angel/boardlib.s                 0x00000000   Number         0  boardinit3.o ABSOLUTE
    ../clib/angel/boardlib.s                 0x00000000   Number         0  boardinit2.o ABSOLUTE
    ../clib/angel/handlers.s                 0x00000000   Number         0  __scatter_zi.o ABSOLUTE
    ../clib/angel/kernel.s                   0x00000000   Number         0  rtexit.o ABSOLUTE
    ../clib/angel/kernel.s                   0x00000000   Number         0  rtentry4.o ABSOLUTE
    ../clib/angel/kernel.s                   0x00000000   Number         0  rtentry2.o ABSOLUTE
    ../clib/angel/kernel.s                   0x00000000   Number         0  rtentry.o ABSOLUTE
    ../clib/angel/kernel.s                   0x00000000   Number         0  rtexit2.o ABSOLUTE
    ../clib/angel/rt.s                       0x00000000   Number         0  rt_div0.o ABSOLUTE
    ../clib/angel/rt.s                       0x00000000   Number         0  aeabi_idiv0.o ABSOLUTE
    ../clib/angel/rt.s                       0x00000000   Number         0  aeabi_idiv0_sigfpe.o ABSOLUTE
    ../clib/angel/rt.s                       0x00000000   Number         0  rt_raise.o ABSOLUTE
    ../clib/angel/scatterp.s                 0x00000000   Number         0  __scatter.o ABSOLUTE
    ../clib/angel/startup.s                  0x00000000   Number         0  __main.o ABSOLUTE
    ../clib/angel/sys.s                      0x00000000   Number         0  libspace.o ABSOLUTE
    ../clib/angel/sys.s                      0x00000000   Number         0  tempstk.o ABSOLUTE
    ../clib/angel/sys.s                      0x00000000   Number         0  indicate_semi.o ABSOLUTE
    ../clib/angel/sys.s                      0x00000000   Number         0  sys_stackheap_outer.o ABSOLUTE
    ../clib/angel/sys.s                      0x00000000   Number         0  use_no_semi.o ABSOLUTE
    ../clib/angel/sysapp.c                   0x00000000   Number         0  sys_wrch.o ABSOLUTE
    ../clib/angel/sysapp.c                   0x00000000   Number         0  sys_exit.o ABSOLUTE
    ../clib/angel/sysapp.c                   0x00000000   Number         0  sys_command.o ABSOLUTE
    ../clib/armsys.c                         0x00000000   Number         0  argv_veneer.o ABSOLUTE
    ../clib/armsys.c                         0x00000000   Number         0  _get_argv_nomalloc.o ABSOLUTE
    ../clib/armsys.c                         0x00000000   Number         0  no_argv.o ABSOLUTE
    ../clib/division.s                       0x00000000   Number         0  aeabi_sdiv_div0.o ABSOLUTE
    ../clib/division.s                       0x00000000   Number         0  aeabi_sdiv.o ABSOLUTE
    ../clib/heapalloc.c                      0x00000000   Number         0  hrguard.o ABSOLUTE
    ../clib/heapaux.c                        0x00000000   Number         0  heapauxi.o ABSOLUTE
    ../clib/libinit.s                        0x00000000   Number         0  libinit2.o ABSOLUTE
    ../clib/libinit.s                        0x00000000   Number         0  libshutdown.o ABSOLUTE
    ../clib/libinit.s                        0x00000000   Number         0  libshutdown2.o ABSOLUTE
    ../clib/libinit.s                        0x00000000   Number         0  libinit.o ABSOLUTE
    ../clib/memcpset.c                       0x00000000   Number         0  rt_memclr.o ABSOLUTE
    ../clib/signal.c                         0x00000000   Number         0  defsig_pvfn_inner.o ABSOLUTE
    ../clib/signal.c                         0x00000000   Number         0  defsig_stak_inner.o ABSOLUTE
    ../clib/signal.c                         0x00000000   Number         0  defsig_rtmem_formal.o ABSOLUTE
    ../clib/signal.c                         0x00000000   Number         0  defsig_rtmem_outer.o ABSOLUTE
    ../clib/signal.c                         0x00000000   Number         0  defsig_rtmem_inner.o ABSOLUTE
    ../clib/signal.c                         0x00000000   Number         0  defsig_rtred_inner.o ABSOLUTE
    ../clib/signal.c                         0x00000000   Number         0  defsig_general.o ABSOLUTE
    ../clib/signal.c                         0x00000000   Number         0  __raise.o ABSOLUTE
    ../clib/signal.c                         0x00000000   Number         0  defsig_abrt_inner.o ABSOLUTE
    ../clib/signal.c                         0x00000000   Number         0  defsig_exit.o ABSOLUTE
    ../clib/signal.c                         0x00000000   Number         0  defsig_fpe_formal.o ABSOLUTE
    ../clib/signal.c                         0x00000000   Number         0  defsig_fpe_outer.o ABSOLUTE
    ../clib/signal.c                         0x00000000   Number         0  defsig_fpe_inner.o ABSOLUTE
    ../clib/signal.c                         0x00000000   Number         0  defsig_other.o ABSOLUTE
    ../clib/signal.c                         0x00000000   Number         0  defsig_segv_inner.o ABSOLUTE
    ../clib/signal.c                         0x00000000   Number         0  defsig_cppl_inner.o ABSOLUTE
    ../clib/signal.s                         0x00000000   Number         0  defsig.o ABSOLUTE
    ../clib/stdlib.c                         0x00000000   Number         0  exit.o ABSOLUTE
    ../fplib/cfplib/fpinit.c                 0x00000000   Number         0  fpinit.o ABSOLUTE
    FunLib\\apiLib.c                         0x00000000   Number         0  apilib.o ABSOLUTE
    FunLib\apiLib.c                          0x00000000   Number         0  apilib.o ABSOLUTE
    HT32F5xxxx_Driver\\src\\ht32_cm0plus_misc.c 0x00000000   Number         0  ht32_cm0plus_misc.o ABSOLUTE
    HT32F5xxxx_Driver\\src\\ht32f5xxxx_adc.c 0x00000000   Number         0  ht32f5xxxx_adc.o ABSOLUTE
    HT32F5xxxx_Driver\\src\\ht32f5xxxx_bftm.c 0x00000000   Number         0  ht32f5xxxx_bftm.o ABSOLUTE
    HT32F5xxxx_Driver\\src\\ht32f5xxxx_ckcu.c 0x00000000   Number         0  ht32f5xxxx_ckcu.o ABSOLUTE
    HT32F5xxxx_Driver\\src\\ht32f5xxxx_exti.c 0x00000000   Number         0  ht32f5xxxx_exti.o ABSOLUTE
    HT32F5xxxx_Driver\\src\\ht32f5xxxx_gpio.c 0x00000000   Number         0  ht32f5xxxx_gpio.o ABSOLUTE
    HT32F5xxxx_Driver\\src\\ht32f5xxxx_mctm.c 0x00000000   Number         0  ht32f5xxxx_mctm.o ABSOLUTE
    HT32F5xxxx_Driver\\src\\ht32f5xxxx_pwrcu.c 0x00000000   Number         0  ht32f5xxxx_pwrcu.o ABSOLUTE
    HT32F5xxxx_Driver\\src\\ht32f5xxxx_rstcu.c 0x00000000   Number         0  ht32f5xxxx_rstcu.o ABSOLUTE
    HT32F5xxxx_Driver\\src\\ht32f5xxxx_tm.c  0x00000000   Number         0  ht32f5xxxx_tm.o ABSOLUTE
    HT32F5xxxx_Driver\\src\\ht32f5xxxx_usart.c 0x00000000   Number         0  ht32f5xxxx_usart.o ABSOLUTE
    HT32F5xxxx_Driver\\src\\ht32f5xxxx_wdt.c 0x00000000   Number         0  ht32f5xxxx_wdt.o ABSOLUTE
    HT32F5xxxx_Driver\src\ht32_cm0plus_misc.c 0x00000000   Number         0  ht32_cm0plus_misc.o ABSOLUTE
    HT32F5xxxx_Driver\src\ht32f5xxxx_adc.c   0x00000000   Number         0  ht32f5xxxx_adc.o ABSOLUTE
    HT32F5xxxx_Driver\src\ht32f5xxxx_bftm.c  0x00000000   Number         0  ht32f5xxxx_bftm.o ABSOLUTE
    HT32F5xxxx_Driver\src\ht32f5xxxx_ckcu.c  0x00000000   Number         0  ht32f5xxxx_ckcu.o ABSOLUTE
    HT32F5xxxx_Driver\src\ht32f5xxxx_exti.c  0x00000000   Number         0  ht32f5xxxx_exti.o ABSOLUTE
    HT32F5xxxx_Driver\src\ht32f5xxxx_gpio.c  0x00000000   Number         0  ht32f5xxxx_gpio.o ABSOLUTE
    HT32F5xxxx_Driver\src\ht32f5xxxx_mctm.c  0x00000000   Number         0  ht32f5xxxx_mctm.o ABSOLUTE
    HT32F5xxxx_Driver\src\ht32f5xxxx_pwrcu.c 0x00000000   Number         0  ht32f5xxxx_pwrcu.o ABSOLUTE
    HT32F5xxxx_Driver\src\ht32f5xxxx_rstcu.c 0x00000000   Number         0  ht32f5xxxx_rstcu.o ABSOLUTE
    HT32F5xxxx_Driver\src\ht32f5xxxx_tm.c    0x00000000   Number         0  ht32f5xxxx_tm.o ABSOLUTE
    HT32F5xxxx_Driver\src\ht32f5xxxx_usart.c 0x00000000   Number         0  ht32f5xxxx_usart.o ABSOLUTE
    HT32F5xxxx_Driver\src\ht32f5xxxx_wdt.c   0x00000000   Number         0  ht32f5xxxx_wdt.o ABSOLUTE
    Lib\\system_ht32f5xxxx_01.c              0x00000000   Number         0  system_ht32f5xxxx_01.o ABSOLUTE
    Lib\startup_ht32f52231_41.s              0x00000000   Number         0  startup_ht32f52231_41.o ABSOLUTE
    Lib\system_ht32f5xxxx_01.c               0x00000000   Number         0  system_ht32f5xxxx_01.o ABSOLUTE
    Project\\bsp.c                           0x00000000   Number         0  bsp.o ABSOLUTE
    Project\\delay.c                         0x00000000   Number         0  delay.o ABSOLUTE
    Project\\ht32f5xxxx_01_it.c              0x00000000   Number         0  ht32f5xxxx_01_it.o ABSOLUTE
    Project\\main.c                          0x00000000   Number         0  main.o ABSOLUTE
    Project\bsp.c                            0x00000000   Number         0  bsp.o ABSOLUTE
    Project\delay.c                          0x00000000   Number         0  delay.o ABSOLUTE
    Project\ht32f5xxxx_01_it.c               0x00000000   Number         0  ht32f5xxxx_01_it.o ABSOLUTE
    Project\main.c                           0x00000000   Number         0  main.o ABSOLUTE
    dc.s                                     0x00000000   Number         0  dc.o ABSOLUTE
    !!!main                                  0x000000ec   Section        8  __main.o(!!!main)
    !!!scatter                               0x000000f4   Section       60  __scatter.o(!!!scatter)
    !!handler_zi                             0x00000130   Section       28  __scatter_zi.o(!!handler_zi)
    .ARM.Collect$$libinit$$00000000          0x0000014c   Section        2  libinit.o(.ARM.Collect$$libinit$$00000000)
    .ARM.Collect$$libinit$$00000001          0x0000014e   Section        4  libinit2.o(.ARM.Collect$$libinit$$00000001)
    .ARM.Collect$$libinit$$00000008          0x00000152   Section        0  libinit2.o(.ARM.Collect$$libinit$$00000008)
    .ARM.Collect$$libinit$$0000000A          0x00000152   Section        0  libinit2.o(.ARM.Collect$$libinit$$0000000A)
    .ARM.Collect$$libinit$$0000000C          0x00000152   Section        0  libinit2.o(.ARM.Collect$$libinit$$0000000C)
    .ARM.Collect$$libinit$$0000000F          0x00000152   Section        0  libinit2.o(.ARM.Collect$$libinit$$0000000F)
    .ARM.Collect$$libinit$$00000011          0x00000152   Section        0  libinit2.o(.ARM.Collect$$libinit$$00000011)
    .ARM.Collect$$libinit$$00000013          0x00000152   Section        0  libinit2.o(.ARM.Collect$$libinit$$00000013)
    .ARM.Collect$$libinit$$00000015          0x00000152   Section        0  libinit2.o(.ARM.Collect$$libinit$$00000015)
    .ARM.Collect$$libinit$$00000017          0x00000152   Section        0  libinit2.o(.ARM.Collect$$libinit$$00000017)
    .ARM.Collect$$libinit$$00000019          0x00000152   Section        0  libinit2.o(.ARM.Collect$$libinit$$00000019)
    .ARM.Collect$$libinit$$0000001B          0x00000152   Section        0  libinit2.o(.ARM.Collect$$libinit$$0000001B)
    .ARM.Collect$$libinit$$0000001D          0x00000152   Section        0  libinit2.o(.ARM.Collect$$libinit$$0000001D)
    .ARM.Collect$$libinit$$0000001F          0x00000152   Section        0  libinit2.o(.ARM.Collect$$libinit$$0000001F)
    .ARM.Collect$$libinit$$00000021          0x00000152   Section        0  libinit2.o(.ARM.Collect$$libinit$$00000021)
    .ARM.Collect$$libinit$$00000023          0x00000152   Section        0  libinit2.o(.ARM.Collect$$libinit$$00000023)
    .ARM.Collect$$libinit$$0000002A          0x00000152   Section        0  libinit2.o(.ARM.Collect$$libinit$$0000002A)
    .ARM.Collect$$libinit$$0000002C          0x00000152   Section        0  libinit2.o(.ARM.Collect$$libinit$$0000002C)
    .ARM.Collect$$libinit$$0000002E          0x00000152   Section        0  libinit2.o(.ARM.Collect$$libinit$$0000002E)
    .ARM.Collect$$libinit$$00000030          0x00000152   Section        0  libinit2.o(.ARM.Collect$$libinit$$00000030)
    .ARM.Collect$$libinit$$00000031          0x00000152   Section        2  libinit2.o(.ARM.Collect$$libinit$$00000031)
    .ARM.Collect$$libshutdown$$00000000      0x00000154   Section        2  libshutdown.o(.ARM.Collect$$libshutdown$$00000000)
    .ARM.Collect$$libshutdown$$00000003      0x00000156   Section        0  libshutdown2.o(.ARM.Collect$$libshutdown$$00000003)
    .ARM.Collect$$libshutdown$$00000006      0x00000156   Section        0  libshutdown2.o(.ARM.Collect$$libshutdown$$00000006)
    .ARM.Collect$$libshutdown$$00000009      0x00000156   Section        0  libshutdown2.o(.ARM.Collect$$libshutdown$$00000009)
    .ARM.Collect$$libshutdown$$0000000B      0x00000156   Section        0  libshutdown2.o(.ARM.Collect$$libshutdown$$0000000B)
    .ARM.Collect$$libshutdown$$0000000E      0x00000156   Section        0  libshutdown2.o(.ARM.Collect$$libshutdown$$0000000E)
    .ARM.Collect$$libshutdown$$0000000F      0x00000156   Section        2  libshutdown2.o(.ARM.Collect$$libshutdown$$0000000F)
    .ARM.Collect$$rtentry$$00000000          0x00000158   Section        0  rtentry.o(.ARM.Collect$$rtentry$$00000000)
    .ARM.Collect$$rtentry$$00000002          0x00000158   Section        0  rtentry2.o(.ARM.Collect$$rtentry$$00000002)
    .ARM.Collect$$rtentry$$00000004          0x00000158   Section        6  rtentry4.o(.ARM.Collect$$rtentry$$00000004)
    .ARM.Collect$$rtentry$$00000009          0x0000015e   Section        0  rtentry2.o(.ARM.Collect$$rtentry$$00000009)
    .ARM.Collect$$rtentry$$0000000A          0x0000015e   Section        4  rtentry2.o(.ARM.Collect$$rtentry$$0000000A)
    .ARM.Collect$$rtentry$$0000000C          0x00000162   Section        0  rtentry2.o(.ARM.Collect$$rtentry$$0000000C)
    .ARM.Collect$$rtentry$$0000000D          0x00000162   Section        8  rtentry2.o(.ARM.Collect$$rtentry$$0000000D)
    .ARM.Collect$$rtexit$$00000000           0x0000016a   Section        2  rtexit.o(.ARM.Collect$$rtexit$$00000000)
    .ARM.Collect$$rtexit$$00000002           0x0000016c   Section        0  rtexit2.o(.ARM.Collect$$rtexit$$00000002)
    .ARM.Collect$$rtexit$$00000003           0x0000016c   Section        4  rtexit2.o(.ARM.Collect$$rtexit$$00000003)
    .ARM.Collect$$rtexit$$00000004           0x00000170   Section        6  rtexit2.o(.ARM.Collect$$rtexit$$00000004)
    .text                                    0x00000176   Section        0  ht32f5xxxx_adc.o(.text)
    .text                                    0x000002b8   Section        0  ht32f5xxxx_bftm.o(.text)
    .text                                    0x0000037c   Section        0  ht32f5xxxx_ckcu.o(.text)
    .text                                    0x00000804   Section        0  ht32f5xxxx_exti.o(.text)
    .text                                    0x000009d0   Section        0  ht32f5xxxx_gpio.o(.text)
    .text                                    0x00000cd0   Section        0  ht32f5xxxx_rstcu.o(.text)
    .text                                    0x00000d3c   Section        0  ht32f5xxxx_tm.o(.text)
    _TM_CHx_Config                           0x00000ee1   Thumb Code    76  ht32f5xxxx_tm.o(.text)
    .text                                    0x000013b0   Section        0  ht32f5xxxx_usart.o(.text)
    .text                                    0x000016ac   Section        0  ht32_cm0plus_misc.o(.text)
    .text                                    0x000017c0   Section        0  system_ht32f5xxxx_01.o(.text)
    .text                                    0x000019c0   Section        0  main.o(.text)
    .text                                    0x000019dc   Section        0  bsp.o(.text)
    NVIC_EnableIRQ                           0x0000249f   Thumb Code    14  bsp.o(.text)
    .text                                    0x000024b4   Section        0  ht32f5xxxx_01_it.o(.text)
    .text                                    0x00002788   Section        0  apilib.o(.text)
    .text                                    0x00004710   Section        0  rt_memclr.o(.text)
    .text                                    0x00004750   Section      346  aeabi_sdiv.o(.text)
    .text                                    0x000048aa   Section        0  heapauxi.o(.text)
    .text                                    0x000048b0   Section       62  sys_stackheap_outer.o(.text)
    .text                                    0x000048ee   Section        0  exit.o(.text)
    .text                                    0x000048fc   Section        8  libspace.o(.text)
    .text                                    0x00004904   Section        0  sys_exit.o(.text)
    .text                                    0x00004910   Section        2  use_no_semi.o(.text)
    .text                                    0x00004912   Section        0  indicate_semi.o(.text)
    .text                                    0x00004912   Section        0  __dczerorl2.o(.text)
    i.__ARM_common_switch8                   0x00004968   Section        0  ht32f5xxxx_ckcu.o(i.__ARM_common_switch8)
    .constdata                               0x00004984   Section      344  ht32_cm0plus_misc.o(.constdata)
    RandData                                 0x00004984   Data         308  ht32_cm0plus_misc.o(.constdata)
    RandData2                                0x00004ab8   Data          36  ht32_cm0plus_misc.o(.constdata)
    .data                                    0x20000000   Section      360  ht32_cm0plus_misc.o(.data)
    Data                                     0x20000000   Data         348  ht32_cm0plus_misc.o(.data)
    .data                                    0x20000168   Section        4  system_ht32f5xxxx_01.o(.data)
    .data                                    0x2000016c   Section        4  ht32f5xxxx_01_it.o(.data)
    gIsContinue                              0x2000016c   Data           4  ht32f5xxxx_01_it.o(.data)
    .bss                                     0x20000170   Section      644  main.o(.bss)
    .bss                                     0x200003f4   Section       96  libspace.o(.bss)
    HEAP                                     0x20000458   Section        0  startup_ht32f52231_41.o(HEAP)
    STACK                                    0x20000458   Section      512  startup_ht32f52231_41.o(STACK)
    Heap_Mem                                 0x20000458   Data           0  startup_ht32f52231_41.o(HEAP)
    Stack_Mem                                0x20000458   Data         512  startup_ht32f52231_41.o(STACK)
    __initial_sp                             0x20000658   Data           0  startup_ht32f52231_41.o(STACK)

    Global Symbols

    Symbol Name                              Value     Ov Type        Size  Object(Section)

    BuildAttributes$$THM_ISAv3M$S$PE$A:L22$X:L11$S22$IEEE1$IW$USESV6$~STKCKD$USESV7$~SHL$OSPACE$ROPI$EBA8$UX$STANDARDLIB$REQ8$PRES8$EABIv2 0x00000000   Number         0  anon$$obj.o ABSOLUTE
    __ARM_use_no_argv                        0x00000000   Number         0  main.o ABSOLUTE
    __Vectors                                0x00000000   Data           0  startup_ht32f52231_41.o(RESET)
    __ARM_exceptions_init                     - Undefined Weak Reference
    __alloca_initialize                       - Undefined Weak Reference
    __cpp_initialize__aeabi_                  - Undefined Weak Reference
    __cxa_finalize                            - Undefined Weak Reference
    __rt_locale                               - Undefined Weak Reference
    __sigvec_lookup                           - Undefined Weak Reference
    _atexit_init                              - Undefined Weak Reference
    _call_atexit_fns                          - Undefined Weak Reference
    _clock_init                               - Undefined Weak Reference
    _fp_trap_init                             - Undefined Weak Reference
    _fp_trap_shutdown                         - Undefined Weak Reference
    _get_lc_collate                           - Undefined Weak Reference
    _get_lc_ctype                             - Undefined Weak Reference
    _get_lc_monetary                          - Undefined Weak Reference
    _get_lc_numeric                           - Undefined Weak Reference
    _get_lc_time                              - Undefined Weak Reference
    _getenv_init                              - Undefined Weak Reference
    _handle_redirection                       - Undefined Weak Reference
    _init_alloc                               - Undefined Weak Reference
    _init_user_alloc                          - Undefined Weak Reference
    _initio                                   - Undefined Weak Reference
    _rand_init                                - Undefined Weak Reference
    _signal_finish                            - Undefined Weak Reference
    _signal_init                              - Undefined Weak Reference
    _terminate_alloc                          - Undefined Weak Reference
    _terminate_user_alloc                     - Undefined Weak Reference
    _terminateio                              - Undefined Weak Reference
    Reset_Handler                            0x000000ad   Thumb Code     8  startup_ht32f52231_41.o(RESET)
    SCTM1_IRQHandler                         0x000000c9   Thumb Code     2  startup_ht32f52231_41.o(RESET)
    COMP_IRQHandler                          0x000000cb   Thumb Code     0  startup_ht32f52231_41.o(RESET)
    EVWUP_IRQHandler                         0x000000cb   Thumb Code     0  startup_ht32f52231_41.o(RESET)
    EXTI0_1_IRQHandler                       0x000000cb   Thumb Code     0  startup_ht32f52231_41.o(RESET)
    FLASH_IRQHandler                         0x000000cb   Thumb Code     0  startup_ht32f52231_41.o(RESET)
    GPTM0_IRQHandler                         0x000000cb   Thumb Code     0  startup_ht32f52231_41.o(RESET)
    GPTM1_IRQHandler                         0x000000cb   Thumb Code     0  startup_ht32f52231_41.o(RESET)
    I2C0_IRQHandler                          0x000000cb   Thumb Code     0  startup_ht32f52231_41.o(RESET)
    I2C1_IRQHandler                          0x000000cb   Thumb Code     0  startup_ht32f52231_41.o(RESET)
    I2S_IRQHandler                           0x000000cb   Thumb Code     0  startup_ht32f52231_41.o(RESET)
    LVD_BOD_IRQHandler                       0x000000cb   Thumb Code     0  startup_ht32f52231_41.o(RESET)
    MCTM0_IRQHandler                         0x000000cb   Thumb Code     0  startup_ht32f52231_41.o(RESET)
    PDMA_CH0_1_IRQHandler                    0x000000cb   Thumb Code     0  startup_ht32f52231_41.o(RESET)
    PDMA_CH2_5_IRQHandler                    0x000000cb   Thumb Code     0  startup_ht32f52231_41.o(RESET)
    RTC_IRQHandler                           0x000000cb   Thumb Code     0  startup_ht32f52231_41.o(RESET)
    SCI_IRQHandler                           0x000000cb   Thumb Code     0  startup_ht32f52231_41.o(RESET)
    SCTM0_IRQHandler                         0x000000cb   Thumb Code     0  startup_ht32f52231_41.o(RESET)
    SCTM2_IRQHandler                         0x000000cb   Thumb Code     0  startup_ht32f52231_41.o(RESET)
    SCTM3_IRQHandler                         0x000000cb   Thumb Code     0  startup_ht32f52231_41.o(RESET)
    SPI0_IRQHandler                          0x000000cb   Thumb Code     0  startup_ht32f52231_41.o(RESET)
    SPI1_IRQHandler                          0x000000cb   Thumb Code     0  startup_ht32f52231_41.o(RESET)
    UART2_IRQHandler                         0x000000cb   Thumb Code     0  startup_ht32f52231_41.o(RESET)
    UART3_IRQHandler                         0x000000cb   Thumb Code     0  startup_ht32f52231_41.o(RESET)
    USART0_IRQHandler                        0x000000cb   Thumb Code     0  startup_ht32f52231_41.o(RESET)
    USART1_IRQHandler                        0x000000cb   Thumb Code     0  startup_ht32f52231_41.o(RESET)
    USB_IRQHandler                           0x000000cb   Thumb Code     0  startup_ht32f52231_41.o(RESET)
    __user_initial_stackheap                 0x000000cd   Thumb Code     0  startup_ht32f52231_41.o(RESET)
    __main                                   0x000000ed   Thumb Code     8  __main.o(!!!main)
    __scatterload                            0x000000f5   Thumb Code     0  __scatter.o(!!!scatter)
    __scatterload_rt2                        0x000000f5   Thumb Code    52  __scatter.o(!!!scatter)
    __scatterload_rt2_thumb_only             0x000000f5   Thumb Code     0  __scatter.o(!!!scatter)
    __scatterload_null                       0x00000105   Thumb Code     0  __scatter.o(!!!scatter)
    __scatterload_zeroinit                   0x00000131   Thumb Code    28  __scatter_zi.o(!!handler_zi)
    __rt_lib_init                            0x0000014d   Thumb Code     0  libinit.o(.ARM.Collect$$libinit$$00000000)
    __rt_lib_init_fp_1                       0x0000014f   Thumb Code     0  libinit2.o(.ARM.Collect$$libinit$$00000001)
    __rt_lib_init_alloca_1                   0x00000153   Thumb Code     0  libinit2.o(.ARM.Collect$$libinit$$0000002C)
    __rt_lib_init_argv_1                     0x00000153   Thumb Code     0  libinit2.o(.ARM.Collect$$libinit$$0000002A)
    __rt_lib_init_atexit_1                   0x00000153   Thumb Code     0  libinit2.o(.ARM.Collect$$libinit$$00000019)
    __rt_lib_init_clock_1                    0x00000153   Thumb Code     0  libinit2.o(.ARM.Collect$$libinit$$0000001F)
    __rt_lib_init_cpp_1                      0x00000153   Thumb Code     0  libinit2.o(.ARM.Collect$$libinit$$00000030)
    __rt_lib_init_exceptions_1               0x00000153   Thumb Code     0  libinit2.o(.ARM.Collect$$libinit$$0000002E)
    __rt_lib_init_fp_trap_1                  0x00000153   Thumb Code     0  libinit2.o(.ARM.Collect$$libinit$$0000001D)
    __rt_lib_init_getenv_1                   0x00000153   Thumb Code     0  libinit2.o(.ARM.Collect$$libinit$$00000021)
    __rt_lib_init_heap_1                     0x00000153   Thumb Code     0  libinit2.o(.ARM.Collect$$libinit$$00000008)
    __rt_lib_init_lc_collate_1               0x00000153   Thumb Code     0  libinit2.o(.ARM.Collect$$libinit$$0000000F)
    __rt_lib_init_lc_ctype_1                 0x00000153   Thumb Code     0  libinit2.o(.ARM.Collect$$libinit$$00000011)
    __rt_lib_init_lc_monetary_1              0x00000153   Thumb Code     0  libinit2.o(.ARM.Collect$$libinit$$00000013)
    __rt_lib_init_lc_numeric_1               0x00000153   Thumb Code     0  libinit2.o(.ARM.Collect$$libinit$$00000015)
    __rt_lib_init_lc_time_1                  0x00000153   Thumb Code     0  libinit2.o(.ARM.Collect$$libinit$$00000017)
    __rt_lib_init_rand_1                     0x00000153   Thumb Code     0  libinit2.o(.ARM.Collect$$libinit$$0000000C)
    __rt_lib_init_return                     0x00000153   Thumb Code     0  libinit2.o(.ARM.Collect$$libinit$$00000031)
    __rt_lib_init_signal_1                   0x00000153   Thumb Code     0  libinit2.o(.ARM.Collect$$libinit$$0000001B)
    __rt_lib_init_stdio_1                    0x00000153   Thumb Code     0  libinit2.o(.ARM.Collect$$libinit$$00000023)
    __rt_lib_init_user_alloc_1               0x00000153   Thumb Code     0  libinit2.o(.ARM.Collect$$libinit$$0000000A)
    __rt_lib_shutdown                        0x00000155   Thumb Code     0  libshutdown.o(.ARM.Collect$$libshutdown$$00000000)
    __rt_lib_shutdown_fp_trap_1              0x00000157   Thumb Code     0  libshutdown2.o(.ARM.Collect$$libshutdown$$00000006)
    __rt_lib_shutdown_heap_1                 0x00000157   Thumb Code     0  libshutdown2.o(.ARM.Collect$$libshutdown$$0000000E)
    __rt_lib_shutdown_return                 0x00000157   Thumb Code     0  libshutdown2.o(.ARM.Collect$$libshutdown$$0000000F)
    __rt_lib_shutdown_signal_1               0x00000157   Thumb Code     0  libshutdown2.o(.ARM.Collect$$libshutdown$$00000009)
    __rt_lib_shutdown_stdio_1                0x00000157   Thumb Code     0  libshutdown2.o(.ARM.Collect$$libshutdown$$00000003)
    __rt_lib_shutdown_user_alloc_1           0x00000157   Thumb Code     0  libshutdown2.o(.ARM.Collect$$libshutdown$$0000000B)
    __rt_entry                               0x00000159   Thumb Code     0  rtentry.o(.ARM.Collect$$rtentry$$00000000)
    __rt_entry_presh_1                       0x00000159   Thumb Code     0  rtentry2.o(.ARM.Collect$$rtentry$$00000002)
    __rt_entry_sh                            0x00000159   Thumb Code     0  rtentry4.o(.ARM.Collect$$rtentry$$00000004)
    __rt_entry_li                            0x0000015f   Thumb Code     0  rtentry2.o(.ARM.Collect$$rtentry$$0000000A)
    __rt_entry_postsh_1                      0x0000015f   Thumb Code     0  rtentry2.o(.ARM.Collect$$rtentry$$00000009)
    __rt_entry_main                          0x00000163   Thumb Code     0  rtentry2.o(.ARM.Collect$$rtentry$$0000000D)
    __rt_entry_postli_1                      0x00000163   Thumb Code     0  rtentry2.o(.ARM.Collect$$rtentry$$0000000C)
    __rt_exit                                0x0000016b   Thumb Code     0  rtexit.o(.ARM.Collect$$rtexit$$00000000)
    __rt_exit_ls                             0x0000016d   Thumb Code     0  rtexit2.o(.ARM.Collect$$rtexit$$00000003)
    __rt_exit_prels_1                        0x0000016d   Thumb Code     0  rtexit2.o(.ARM.Collect$$rtexit$$00000002)
    __rt_exit_exit                           0x00000171   Thumb Code     0  rtexit2.o(.ARM.Collect$$rtexit$$00000004)
    ADC_DeInit                               0x00000177   Thumb Code    36  ht32f5xxxx_adc.o(.text)
    ADC_Reset                                0x0000019b   Thumb Code    10  ht32f5xxxx_adc.o(.text)
    ADC_Cmd                                  0x000001a5   Thumb Code    24  ht32f5xxxx_adc.o(.text)
    ADC_RegularGroupConfig                   0x000001bd   Thumb Code    32  ht32f5xxxx_adc.o(.text)
    ADC_RegularChannelConfig                 0x000001dd   Thumb Code    54  ht32f5xxxx_adc.o(.text)
    ADC_RegularTrigConfig                    0x00000213   Thumb Code    14  ht32f5xxxx_adc.o(.text)
    ADC_SamplingTimeConfig                   0x00000221   Thumb Code     4  ht32f5xxxx_adc.o(.text)
    ADC_SoftwareStartConvCmd                 0x00000225   Thumb Code    24  ht32f5xxxx_adc.o(.text)
    ADC_GetConversionData                    0x0000023d   Thumb Code    14  ht32f5xxxx_adc.o(.text)
    ADC_IntConfig                            0x0000024b   Thumb Code    30  ht32f5xxxx_adc.o(.text)
    ADC_GetIntStatus                         0x00000269   Thumb Code    18  ht32f5xxxx_adc.o(.text)
    ADC_ClearIntPendingBit                   0x0000027b   Thumb Code     6  ht32f5xxxx_adc.o(.text)
    ADC_GetFlagStatus                        0x00000281   Thumb Code    18  ht32f5xxxx_adc.o(.text)
    ADC_AWDConfig                            0x00000293   Thumb Code    12  ht32f5xxxx_adc.o(.text)
    ADC_AWDSingleChannelConfig               0x0000029f   Thumb Code    16  ht32f5xxxx_adc.o(.text)
    ADC_AWDThresholdsConfig                  0x000002af   Thumb Code     8  ht32f5xxxx_adc.o(.text)
    BFTM_DeInit                              0x000002b9   Thumb Code    62  ht32f5xxxx_bftm.o(.text)
    BFTM_EnaCmd                              0x000002f7   Thumb Code    24  ht32f5xxxx_bftm.o(.text)
    BFTM_SetCompare                          0x0000030f   Thumb Code     4  ht32f5xxxx_bftm.o(.text)
    BFTM_GetCompare                          0x00000313   Thumb Code     6  ht32f5xxxx_bftm.o(.text)
    BFTM_SetCounter                          0x00000319   Thumb Code     4  ht32f5xxxx_bftm.o(.text)
    BFTM_GetCounter                          0x0000031d   Thumb Code     6  ht32f5xxxx_bftm.o(.text)
    BFTM_OneShotModeCmd                      0x00000323   Thumb Code    24  ht32f5xxxx_bftm.o(.text)
    BFTM_IntConfig                           0x0000033b   Thumb Code    24  ht32f5xxxx_bftm.o(.text)
    BFTM_GetFlagStatus                       0x00000353   Thumb Code    18  ht32f5xxxx_bftm.o(.text)
    BFTM_ClearFlag                           0x00000365   Thumb Code    14  ht32f5xxxx_bftm.o(.text)
    CKCU_GetSysClockSource                   0x0000037d   Thumb Code    10  ht32f5xxxx_ckcu.o(.text)
    CKCU_SysClockConfig                      0x00000387   Thumb Code    44  ht32f5xxxx_ckcu.o(.text)
    CKCU_GetClockReadyStatus                 0x000003b3   Thumb Code    18  ht32f5xxxx_ckcu.o(.text)
    CKCU_HSICmd                              0x000003c5   Thumb Code    20  ht32f5xxxx_ckcu.o(.text)
    CKCU_DeInit                              0x000003d9   Thumb Code    84  ht32f5xxxx_ckcu.o(.text)
    CKCU_HSECmd                              0x0000042d   Thumb Code    20  ht32f5xxxx_ckcu.o(.text)
    CKCU_PLLCmd                              0x00000441   Thumb Code    20  ht32f5xxxx_ckcu.o(.text)
    CKCU_WaitHSEReady                        0x00000455   Thumb Code    34  ht32f5xxxx_ckcu.o(.text)
    CKCU_PLLInit                             0x00000477   Thumb Code    54  ht32f5xxxx_ckcu.o(.text)
    CKCU_SetHCLKPrescaler                    0x000004ad   Thumb Code     6  ht32f5xxxx_ckcu.o(.text)
    CKCU_SetCKREFPrescaler                   0x000004b3   Thumb Code    20  ht32f5xxxx_ckcu.o(.text)
    CKCU_SetADCnPrescaler                    0x000004c7   Thumb Code    22  ht32f5xxxx_ckcu.o(.text)
    CKCU_GetPLLFrequency                     0x000004dd   Thumb Code    96  ht32f5xxxx_ckcu.o(.text)
    CKCU_GetClocksFrequency                  0x0000053d   Thumb Code   130  ht32f5xxxx_ckcu.o(.text)
    CKCU_SetPeripPrescaler                   0x000005bf   Thumb Code    42  ht32f5xxxx_ckcu.o(.text)
    CKCU_GetPeripFrequency                   0x000005e9   Thumb Code    52  ht32f5xxxx_ckcu.o(.text)
    CKCU_CKMCmd                              0x0000061d   Thumb Code    20  ht32f5xxxx_ckcu.o(.text)
    CKCU_PSRCWKUPCmd                         0x00000631   Thumb Code    20  ht32f5xxxx_ckcu.o(.text)
    CKCU_CKOUTConfig                         0x00000645   Thumb Code    18  ht32f5xxxx_ckcu.o(.text)
    CKCU_GetIntStatus                        0x00000657   Thumb Code    18  ht32f5xxxx_ckcu.o(.text)
    CKCU_ClearIntFlag                        0x00000669   Thumb Code    12  ht32f5xxxx_ckcu.o(.text)
    CKCU_IntConfig                           0x00000675   Thumb Code    34  ht32f5xxxx_ckcu.o(.text)
    CKCU_SleepClockConfig                    0x00000697   Thumb Code    28  ht32f5xxxx_ckcu.o(.text)
    CKCU_IS_PLL_USED                         0x000006b3   Thumb Code    20  ht32f5xxxx_ckcu.o(.text)
    CKCU_IS_HSI_USED                         0x000006c7   Thumb Code    20  ht32f5xxxx_ckcu.o(.text)
    CKCU_IS_HSE_USED                         0x000006db   Thumb Code    20  ht32f5xxxx_ckcu.o(.text)
    CKCU_MCUDBGConfig                        0x000006ef   Thumb Code    28  ht32f5xxxx_ckcu.o(.text)
    CKCU_BKISOCmd                            0x0000070b   Thumb Code    26  ht32f5xxxx_ckcu.o(.text)
    CKCU_PeripClockConfig                    0x00000725   Thumb Code    80  ht32f5xxxx_ckcu.o(.text)
    CKCU_HSIAutoTrimClkConfig                0x00000775   Thumb Code    18  ht32f5xxxx_ckcu.o(.text)
    CKCU_HSIAutoTrimCmd                      0x00000787   Thumb Code    32  ht32f5xxxx_ckcu.o(.text)
    CKCU_HSIAutoTrimIsReady                  0x000007a7   Thumb Code    78  ht32f5xxxx_ckcu.o(.text)
    EXTI_DeInit                              0x00000805   Thumb Code    68  ht32f5xxxx_exti.o(.text)
    EXTI_Init                                0x00000849   Thumb Code    28  ht32f5xxxx_exti.o(.text)
    EXTI_IntConfig                           0x00000865   Thumb Code    44  ht32f5xxxx_exti.o(.text)
    EXTI_WakeupEventConfig                   0x00000891   Thumb Code    88  ht32f5xxxx_exti.o(.text)
    EXTI_WakeupEventIntConfig                0x000008e9   Thumb Code    40  ht32f5xxxx_exti.o(.text)
    EXTI_ClearEdgeFlag                       0x00000911   Thumb Code    18  ht32f5xxxx_exti.o(.text)
    EXTI_ClearWakeupFlag                     0x00000923   Thumb Code    16  ht32f5xxxx_exti.o(.text)
    EXTI_GetEdgeFlag                         0x00000933   Thumb Code    24  ht32f5xxxx_exti.o(.text)
    EXTI_GetEdgeStatus                       0x0000094b   Thumb Code    44  ht32f5xxxx_exti.o(.text)
    EXTI_GetWakeupFlagStatus                 0x00000977   Thumb Code    24  ht32f5xxxx_exti.o(.text)
    EXTI_SWIntCmd                            0x0000098f   Thumb Code    36  ht32f5xxxx_exti.o(.text)
    EXTI_GetSWCmdStatus                      0x000009b3   Thumb Code    24  ht32f5xxxx_exti.o(.text)
    GPIO_DeInit                              0x000009d1   Thumb Code    76  ht32f5xxxx_gpio.o(.text)
    GPIO_DirectionConfig                     0x00000a1d   Thumb Code    20  ht32f5xxxx_gpio.o(.text)
    GPIO_PullResistorConfig                  0x00000a31   Thumb Code    50  ht32f5xxxx_gpio.o(.text)
    GPIO_InputConfig                         0x00000a63   Thumb Code    20  ht32f5xxxx_gpio.o(.text)
    GPIO_DriveConfig                         0x00000a77   Thumb Code    54  ht32f5xxxx_gpio.o(.text)
    GPIO_OpenDrainConfig                     0x00000aad   Thumb Code    20  ht32f5xxxx_gpio.o(.text)
    GPIO_ReadInBit                           0x00000ac1   Thumb Code    16  ht32f5xxxx_gpio.o(.text)
    GPIO_ReadInData                          0x00000ad1   Thumb Code     8  ht32f5xxxx_gpio.o(.text)
    GPIO_ReadOutBit                          0x00000ad9   Thumb Code    16  ht32f5xxxx_gpio.o(.text)
    GPIO_ReadOutData                         0x00000ae9   Thumb Code    10  ht32f5xxxx_gpio.o(.text)
    GPIO_SetOutBits                          0x00000af3   Thumb Code     4  ht32f5xxxx_gpio.o(.text)
    GPIO_ClearOutBits                        0x00000af7   Thumb Code     4  ht32f5xxxx_gpio.o(.text)
    GPIO_WriteOutBits                        0x00000afb   Thumb Code    12  ht32f5xxxx_gpio.o(.text)
    GPIO_WriteOutData                        0x00000b07   Thumb Code     4  ht32f5xxxx_gpio.o(.text)
    GPIO_PinLock                             0x00000b0b   Thumb Code     8  ht32f5xxxx_gpio.o(.text)
    GPIO_IsPortLocked                        0x00000b13   Thumb Code    16  ht32f5xxxx_gpio.o(.text)
    GPIO_IsPinLocked                         0x00000b23   Thumb Code    16  ht32f5xxxx_gpio.o(.text)
    AFIO_GPxConfig                           0x00000b33   Thumb Code    90  ht32f5xxxx_gpio.o(.text)
    GPIO_DisableDebugPort                    0x00000b8d   Thumb Code    64  ht32f5xxxx_gpio.o(.text)
    GPIO_GetID                               0x00000bcd   Thumb Code    10  ht32f5xxxx_gpio.o(.text)
    AFIO_DeInit                              0x00000bd7   Thumb Code    34  ht32f5xxxx_gpio.o(.text)
    AFIO_EXTISourceConfig                    0x00000bf9   Thumb Code    62  ht32f5xxxx_gpio.o(.text)
    _GPIO_ClockControl                       0x00000c37   Thumb Code    74  ht32f5xxxx_gpio.o(.text)
    _AFIO_ClockControl                       0x00000c81   Thumb Code    54  ht32f5xxxx_gpio.o(.text)
    RSTCU_GetResetFlagStatus                 0x00000cd1   Thumb Code    26  ht32f5xxxx_rstcu.o(.text)
    RSTCU_ClearResetFlag                     0x00000ceb   Thumb Code    10  ht32f5xxxx_rstcu.o(.text)
    RSTCU_ClearAllResetFlag                  0x00000cf5   Thumb Code     8  ht32f5xxxx_rstcu.o(.text)
    RSTCU_PeripReset                         0x00000cfd   Thumb Code    60  ht32f5xxxx_rstcu.o(.text)
    TM_DeInit                                0x00000d3d   Thumb Code   136  ht32f5xxxx_tm.o(.text)
    TM_TimeBaseInit                          0x00000dc5   Thumb Code    58  ht32f5xxxx_tm.o(.text)
    TM_OutputInit                            0x00000dff   Thumb Code   196  ht32f5xxxx_tm.o(.text)
    TM_CHPSCConfig                           0x00000ec3   Thumb Code    30  ht32f5xxxx_tm.o(.text)
    TM_CaptureInit                           0x00000f2d   Thumb Code    34  ht32f5xxxx_tm.o(.text)
    TM_PwmInputInit                          0x00000f4f   Thumb Code   102  ht32f5xxxx_tm.o(.text)
    TM_TimeBaseStructInit                    0x00000fb5   Thumb Code    24  ht32f5xxxx_tm.o(.text)
    TM_OutputStructInit                      0x00000fcd   Thumb Code    24  ht32f5xxxx_tm.o(.text)
    TM_CaptureStructInit                     0x00000fe5   Thumb Code    20  ht32f5xxxx_tm.o(.text)
    TM_Cmd                                   0x00000ff9   Thumb Code    24  ht32f5xxxx_tm.o(.text)
    TM_StiConfig                             0x00001011   Thumb Code    30  ht32f5xxxx_tm.o(.text)
    TM_ItiExternalClockConfig                0x0000102f   Thumb Code    26  ht32f5xxxx_tm.o(.text)
    TM_ChExternalClockConfig                 0x00001049   Thumb Code    66  ht32f5xxxx_tm.o(.text)
    TM_EtiConfig                             0x0000108b   Thumb Code    24  ht32f5xxxx_tm.o(.text)
    TM_EtiExternalClockConfig                0x000010a3   Thumb Code    34  ht32f5xxxx_tm.o(.text)
    TM_PrescalerConfig                       0x000010c5   Thumb Code     8  ht32f5xxxx_tm.o(.text)
    TM_CounterModeConfig                     0x000010cd   Thumb Code    28  ht32f5xxxx_tm.o(.text)
    TM_DecoderConfig                         0x000010e9   Thumb Code   116  ht32f5xxxx_tm.o(.text)
    TM_ForcedOREF                            0x0000115d   Thumb Code    24  ht32f5xxxx_tm.o(.text)
    TM_CRRPreloadCmd                         0x00001175   Thumb Code    24  ht32f5xxxx_tm.o(.text)
    TM_CHCCRPreloadConfig                    0x0000118d   Thumb Code    36  ht32f5xxxx_tm.o(.text)
    TM_ClearOREFConfig                       0x000011b1   Thumb Code    36  ht32f5xxxx_tm.o(.text)
    TM_ChPolarityConfig                      0x000011d5   Thumb Code    26  ht32f5xxxx_tm.o(.text)
    TM_ImmActiveConfig                       0x000011ef   Thumb Code    36  ht32f5xxxx_tm.o(.text)
    TM_ChannelConfig                         0x00001213   Thumb Code    28  ht32f5xxxx_tm.o(.text)
    TM_OutputModeConfig                      0x0000122f   Thumb Code    36  ht32f5xxxx_tm.o(.text)
    TM_UpdateCmd                             0x00001253   Thumb Code    24  ht32f5xxxx_tm.o(.text)
    TM_UEVG_IntConfig                        0x0000126b   Thumb Code    24  ht32f5xxxx_tm.o(.text)
    TM_HallInterfaceCmd                      0x00001283   Thumb Code    26  ht32f5xxxx_tm.o(.text)
    TM_SinglePulseModeCmd                    0x0000129d   Thumb Code    28  ht32f5xxxx_tm.o(.text)
    TM_MMSELConfig                           0x000012b9   Thumb Code    14  ht32f5xxxx_tm.o(.text)
    TM_SlaveModeConfig                       0x000012c7   Thumb Code    14  ht32f5xxxx_tm.o(.text)
    TM_TimSyncCmd                            0x000012d5   Thumb Code    24  ht32f5xxxx_tm.o(.text)
    TM_SetCounter                            0x000012ed   Thumb Code     6  ht32f5xxxx_tm.o(.text)
    TM_SetCounterReload                      0x000012f3   Thumb Code     6  ht32f5xxxx_tm.o(.text)
    TM_SetCaptureCompare                     0x000012f9   Thumb Code    14  ht32f5xxxx_tm.o(.text)
    TM_SetAsymmetricCompare                  0x00001307   Thumb Code    14  ht32f5xxxx_tm.o(.text)
    TM_CKDIVConfig                           0x00001315   Thumb Code    18  ht32f5xxxx_tm.o(.text)
    TM_GetCaptureCompare                     0x00001327   Thumb Code    16  ht32f5xxxx_tm.o(.text)
    TM_GetCounter                            0x00001337   Thumb Code     8  ht32f5xxxx_tm.o(.text)
    TM_GetPrescaler                          0x0000133f   Thumb Code     8  ht32f5xxxx_tm.o(.text)
    TM_GenerateEvent                         0x00001347   Thumb Code     4  ht32f5xxxx_tm.o(.text)
    TM_GetFlagStatus                         0x0000134b   Thumb Code    16  ht32f5xxxx_tm.o(.text)
    TM_ClearFlag                             0x0000135b   Thumb Code    10  ht32f5xxxx_tm.o(.text)
    TM_IntConfig                             0x00001365   Thumb Code    20  ht32f5xxxx_tm.o(.text)
    TM_GetIntStatus                          0x00001379   Thumb Code    32  ht32f5xxxx_tm.o(.text)
    TM_ClearIntPendingBit                    0x00001399   Thumb Code    10  ht32f5xxxx_tm.o(.text)
    TM_InternalClockConfig                   0x000013a3   Thumb Code    12  ht32f5xxxx_tm.o(.text)
    USART_DeInit                             0x000013b1   Thumb Code    74  ht32f5xxxx_usart.o(.text)
    USART_Init                               0x000013fb   Thumb Code   100  ht32f5xxxx_usart.o(.text)
    USART_StructInit                         0x0000145f   Thumb Code    22  ht32f5xxxx_usart.o(.text)
    USART_SendData                           0x00001475   Thumb Code     4  ht32f5xxxx_usart.o(.text)
    USART_ReceiveData                        0x00001479   Thumb Code     8  ht32f5xxxx_usart.o(.text)
    USART_GetFlagStatus                      0x00001481   Thumb Code    16  ht32f5xxxx_usart.o(.text)
    USART_GetIntStatus                       0x00001491   Thumb Code    16  ht32f5xxxx_usart.o(.text)
    USART_ClearFlag                          0x000014a1   Thumb Code     8  ht32f5xxxx_usart.o(.text)
    USART_IntConfig                          0x000014a9   Thumb Code    20  ht32f5xxxx_usart.o(.text)
    USART_TxRxCmd                            0x000014bd   Thumb Code    30  ht32f5xxxx_usart.o(.text)
    USART_ForceBreakCmd                      0x000014db   Thumb Code    28  ht32f5xxxx_usart.o(.text)
    USART_StickParityCmd                     0x000014f7   Thumb Code    28  ht32f5xxxx_usart.o(.text)
    USART_StickParityConfig                  0x00001513   Thumb Code    30  ht32f5xxxx_usart.o(.text)
    USART_SetGuardTime                       0x00001531   Thumb Code    16  ht32f5xxxx_usart.o(.text)
    USART_TXRXTLConfig                       0x00001541   Thumb Code    24  ht32f5xxxx_usart.o(.text)
    USART_SetTimeOutValue                    0x00001559   Thumb Code    16  ht32f5xxxx_usart.o(.text)
    USART_FIFOReset                          0x00001569   Thumb Code     8  ht32f5xxxx_usart.o(.text)
    USART_GetFIFOStatus                      0x00001571   Thumb Code    30  ht32f5xxxx_usart.o(.text)
    USART_HardwareFlowControlCmd             0x0000158f   Thumb Code    24  ht32f5xxxx_usart.o(.text)
    USART_IrDACmd                            0x000015a7   Thumb Code    24  ht32f5xxxx_usart.o(.text)
    USART_IrDAConfig                         0x000015bf   Thumb Code    24  ht32f5xxxx_usart.o(.text)
    USART_SetIrDAPrescaler                   0x000015d7   Thumb Code    16  ht32f5xxxx_usart.o(.text)
    USART_IrDADirectionConfig                0x000015e7   Thumb Code    24  ht32f5xxxx_usart.o(.text)
    USART_IrDAInvtCmd                        0x000015ff   Thumb Code    30  ht32f5xxxx_usart.o(.text)
    USART_RS485TxEnablePolarityConfig        0x0000161d   Thumb Code    24  ht32f5xxxx_usart.o(.text)
    USART_RS485NMMCmd                        0x00001635   Thumb Code    24  ht32f5xxxx_usart.o(.text)
    USART_RS485AADCmd                        0x0000164d   Thumb Code    24  ht32f5xxxx_usart.o(.text)
    USART_SetAddressMatchValue               0x00001665   Thumb Code    16  ht32f5xxxx_usart.o(.text)
    USART_SynClockInit                       0x00001675   Thumb Code    26  ht32f5xxxx_usart.o(.text)
    USART_SynClockStructInit                 0x0000168f   Thumb Code    12  ht32f5xxxx_usart.o(.text)
    DIV32_Init                               0x000016ad   Thumb Code    16  ht32_cm0plus_misc.o(.text)
    Rand_Init                                0x000016bd   Thumb Code    32  ht32_cm0plus_misc.o(.text)
    NVIC_SetVectorTable                      0x000016dd   Thumb Code    12  ht32_cm0plus_misc.o(.text)
    NVIC_LowPowerConfig                      0x000016e9   Thumb Code    28  ht32_cm0plus_misc.o(.text)
    NVIC_SetPendingSystemHandler             0x00001705   Thumb Code    12  ht32_cm0plus_misc.o(.text)
    SYSTICK_ClockSourceConfig                0x00001711   Thumb Code    32  ht32_cm0plus_misc.o(.text)
    SYSTICK_CounterCmd                       0x00001731   Thumb Code    44  ht32_cm0plus_misc.o(.text)
    SYSTICK_IntConfig                        0x0000175d   Thumb Code    32  ht32_cm0plus_misc.o(.text)
    SYSTICK_SetReloadValue                   0x0000177d   Thumb Code     6  ht32_cm0plus_misc.o(.text)
    RBIT                                     0x00001783   Thumb Code    26  ht32_cm0plus_misc.o(.text)
    SystemInit                               0x000017c1   Thumb Code   322  system_ht32f5xxxx_01.o(.text)
    SystemCoreClockUpdate                    0x00001903   Thumb Code   160  system_ht32f5xxxx_01.o(.text)
    main                                     0x000019c1   Thumb Code    24  main.o(.text)
    NVIC_Configuration                       0x000019dd   Thumb Code    12  bsp.o(.text)
    CKCU_Configuration                       0x000019e9   Thumb Code   166  bsp.o(.text)
    TIME_Configuration                       0x00001a8f   Thumb Code   106  bsp.o(.text)
    UART_Configuration                       0x00001af9   Thumb Code    96  bsp.o(.text)
    PWM_Configuration                        0x00001b59   Thumb Code   146  bsp.o(.text)
    ADC_Configuration                        0x00001beb   Thumb Code   206  bsp.o(.text)
    GPIO_Configuration                       0x00001cb9   Thumb Code  1104  bsp.o(.text)
    BSP_Init                                 0x00002109   Thumb Code    30  bsp.o(.text)
    Param_Init                               0x00002127   Thumb Code   876  bsp.o(.text)
    prvSetupHardware                         0x00002493   Thumb Code    12  bsp.o(.text)
    NMI_Handler                              0x000024b5   Thumb Code     2  ht32f5xxxx_01_it.o(.text)
    HardFault_Handler                        0x000024b7   Thumb Code    12  ht32f5xxxx_01_it.o(.text)
    SVC_Handler                              0x000024c3   Thumb Code     2  ht32f5xxxx_01_it.o(.text)
    PendSV_Handler                           0x000024c5   Thumb Code     2  ht32f5xxxx_01_it.o(.text)
    SysTick_Handler                          0x000024c7   Thumb Code     2  ht32f5xxxx_01_it.o(.text)
    EXTI2_3_IRQHandler                       0x000024c9   Thumb Code    50  ht32f5xxxx_01_it.o(.text)
    EXTI4_15_IRQHandler                      0x000024fb   Thumb Code   240  ht32f5xxxx_01_it.o(.text)
    ADC_IRQHandler                           0x000025eb   Thumb Code    70  ht32f5xxxx_01_it.o(.text)
    BFTM0_IRQHandler                         0x00002631   Thumb Code    80  ht32f5xxxx_01_it.o(.text)
    BFTM1_IRQHandler                         0x00002681   Thumb Code    36  ht32f5xxxx_01_it.o(.text)
    UART0_IRQHandler                         0x000026a5   Thumb Code   140  ht32f5xxxx_01_it.o(.text)
    UART1_IRQHandler                         0x00002731   Thumb Code    44  ht32f5xxxx_01_it.o(.text)
    api_GetSystemTimePeriod                  0x00002789   Thumb Code    30  apilib.o(.text)
    api_GetCurrentSystemTime                 0x000027a7   Thumb Code     6  apilib.o(.text)
    api_UART0_SendData                       0x000027ad   Thumb Code    42  apilib.o(.text)
    api_Uart0_SendCMDData                    0x000027d7   Thumb Code    56  apilib.o(.text)
    api_ClearUART0ReceiveFlag                0x0000280f   Thumb Code    14  apilib.o(.text)
    api_UART0_ReceiveData                    0x0000281d   Thumb Code   270  apilib.o(.text)
    Test_Item_Check_Enable                   0x0000292b   Thumb Code   566  apilib.o(.text)
    Signal_Send                              0x00002b61   Thumb Code   422  apilib.o(.text)
    api_Send_PWM                             0x00002d07   Thumb Code    32  apilib.o(.text)
    api_Test_Front_Drop                      0x00002d27   Thumb Code   370  apilib.o(.text)
    api_Test_Wheel_Wire                      0x00002e99   Thumb Code  1244  apilib.o(.text)
    api_Test_Key_Wire                        0x00003375   Thumb Code   844  apilib.o(.text)
    api_Test_Dust_Component                  0x000036c1   Thumb Code   750  apilib.o(.text)
    api_Test_Charge_Guide                    0x000039af   Thumb Code  1666  apilib.o(.text)
    api_Test_Along_Side                      0x00004031   Thumb Code  1264  apilib.o(.text)
    api_Test_PCB                             0x00004521   Thumb Code    62  apilib.o(.text)
    api_MachinePowerOn                       0x0000455f   Thumb Code   320  apilib.o(.text)
    Scan_Key                                 0x0000469f   Thumb Code    96  apilib.o(.text)
    _memset_w                                0x00004711   Thumb Code    26  rt_memclr.o(.text)
    _memset                                  0x0000472b   Thumb Code    30  rt_memclr.o(.text)
    __aeabi_memclr                           0x00004749   Thumb Code     4  rt_memclr.o(.text)
    __rt_memclr                              0x00004749   Thumb Code     0  rt_memclr.o(.text)
    __aeabi_memclr4                          0x0000474d   Thumb Code     0  rt_memclr.o(.text)
    __aeabi_memclr8                          0x0000474d   Thumb Code     0  rt_memclr.o(.text)
    __rt_memclr_w                            0x0000474d   Thumb Code     4  rt_memclr.o(.text)
    __aeabi_uidiv                            0x00004751   Thumb Code     0  aeabi_sdiv.o(.text)
    __aeabi_uidivmod                         0x00004751   Thumb Code    20  aeabi_sdiv.o(.text)
    __aeabi_idiv                             0x00004765   Thumb Code     0  aeabi_sdiv.o(.text)
    __aeabi_idivmod                          0x00004765   Thumb Code   326  aeabi_sdiv.o(.text)
    __use_two_region_memory                  0x000048ab   Thumb Code     2  heapauxi.o(.text)
    __rt_heap_escrow$2region                 0x000048ad   Thumb Code     2  heapauxi.o(.text)
    __rt_heap_expand$2region                 0x000048af   Thumb Code     2  heapauxi.o(.text)
    __user_setup_stackheap                   0x000048b1   Thumb Code    62  sys_stackheap_outer.o(.text)
    exit                                     0x000048ef   Thumb Code    12  exit.o(.text)
    __user_libspace                          0x000048fd   Thumb Code     8  libspace.o(.text)
    __user_perproc_libspace                  0x000048fd   Thumb Code     0  libspace.o(.text)
    __user_perthread_libspace                0x000048fd   Thumb Code     0  libspace.o(.text)
    _sys_exit                                0x00004905   Thumb Code     8  sys_exit.o(.text)
    __I$use$semihosting                      0x00004911   Thumb Code     0  use_no_semi.o(.text)
    __use_no_semihosting_swi                 0x00004911   Thumb Code     2  use_no_semi.o(.text)
    __decompress                             0x00004913   Thumb Code     0  __dczerorl2.o(.text)
    __decompress1                            0x00004913   Thumb Code    86  __dczerorl2.o(.text)
    __semihosting_library_function           0x00004913   Thumb Code     0  indicate_semi.o(.text)
    __ARM_common_switch8                     0x00004969   Thumb Code    28  ht32f5xxxx_ckcu.o(i.__ARM_common_switch8)
    Region$$Table$$Base                      0x00004adc   Number         0  anon$$obj.o(Region$$Table)
    Region$$Table$$Limit                     0x00004afc   Number         0  anon$$obj.o(Region$$Table)
    UDIV32                                   0x2000015c   Data           4  ht32_cm0plus_misc.o(.data)
    SDIV32                                   0x20000160   Data           4  ht32_cm0plus_misc.o(.data)
    Rand_Get                                 0x20000164   Data           4  ht32_cm0plus_misc.o(.data)
    SystemCoreClock                          0x20000168   Data           4  system_ht32f5xxxx_01.o(.data)
    mMaininf                                 0x20000170   Data         644  main.o(.bss)
    __libspace_start                         0x200003f4   Data          96  libspace.o(.bss)
    __temporary_stack_top$libspace           0x20000454   Data           0  libspace.o(.bss)



==============================================================================

Memory Map of the image

  Image Entry point : 0x000000ed

  Load Region LR_IROM1 (Base: 0x00000000, Size: 0x00004c6c, Max: 0x00008000, ABSOLUTE, COMPRESSED[0x00004bd8])

    Execution Region ER_IROM1 (Base: 0x00000000, Size: 0x00004afc, Max: 0x00008000, ABSOLUTE)

    Base Addr    Size         Type   Attr      Idx    E Section Name        Object

    0x00000000   0x000000ec   Code   RO          446    RESET               startup_ht32f52231_41.o
    0x000000ec   0x00000008   Code   RO          598  * !!!main             c_p.l(__main.o)
    0x000000f4   0x0000003c   Code   RO          766    !!!scatter          c_p.l(__scatter.o)
    0x00000130   0x0000001c   Code   RO          768    !!handler_zi        c_p.l(__scatter_zi.o)
    0x0000014c   0x00000002   Code   RO          636    .ARM.Collect$$libinit$$00000000  c_p.l(libinit.o)
    0x0000014e   0x00000004   Code   RO          649    .ARM.Collect$$libinit$$00000001  c_p.l(libinit2.o)
    0x00000152   0x00000000   Code   RO          653    .ARM.Collect$$libinit$$00000008  c_p.l(libinit2.o)
    0x00000152   0x00000000   Code   RO          655    .ARM.Collect$$libinit$$0000000A  c_p.l(libinit2.o)
    0x00000152   0x00000000   Code   RO          657    .ARM.Collect$$libinit$$0000000C  c_p.l(libinit2.o)
    0x00000152   0x00000000   Code   RO          660    .ARM.Collect$$libinit$$0000000F  c_p.l(libinit2.o)
    0x00000152   0x00000000   Code   RO          662    .ARM.Collect$$libinit$$00000011  c_p.l(libinit2.o)
    0x00000152   0x00000000   Code   RO          664    .ARM.Collect$$libinit$$00000013  c_p.l(libinit2.o)
    0x00000152   0x00000000   Code   RO          666    .ARM.Collect$$libinit$$00000015  c_p.l(libinit2.o)
    0x00000152   0x00000000   Code   RO          668    .ARM.Collect$$libinit$$00000017  c_p.l(libinit2.o)
    0x00000152   0x00000000   Code   RO          670    .ARM.Collect$$libinit$$00000019  c_p.l(libinit2.o)
    0x00000152   0x00000000   Code   RO          672    .ARM.Collect$$libinit$$0000001B  c_p.l(libinit2.o)
    0x00000152   0x00000000   Code   RO          674    .ARM.Collect$$libinit$$0000001D  c_p.l(libinit2.o)
    0x00000152   0x00000000   Code   RO          676    .ARM.Collect$$libinit$$0000001F  c_p.l(libinit2.o)
    0x00000152   0x00000000   Code   RO          678    .ARM.Collect$$libinit$$00000021  c_p.l(libinit2.o)
    0x00000152   0x00000000   Code   RO          680    .ARM.Collect$$libinit$$00000023  c_p.l(libinit2.o)
    0x00000152   0x00000000   Code   RO          684    .ARM.Collect$$libinit$$0000002A  c_p.l(libinit2.o)
    0x00000152   0x00000000   Code   RO          686    .ARM.Collect$$libinit$$0000002C  c_p.l(libinit2.o)
    0x00000152   0x00000000   Code   RO          688    .ARM.Collect$$libinit$$0000002E  c_p.l(libinit2.o)
    0x00000152   0x00000000   Code   RO          690    .ARM.Collect$$libinit$$00000030  c_p.l(libinit2.o)
    0x00000152   0x00000002   Code   RO          691    .ARM.Collect$$libinit$$00000031  c_p.l(libinit2.o)
    0x00000154   0x00000002   Code   RO          722    .ARM.Collect$$libshutdown$$00000000  c_p.l(libshutdown.o)
    0x00000156   0x00000000   Code   RO          749    .ARM.Collect$$libshutdown$$00000003  c_p.l(libshutdown2.o)
    0x00000156   0x00000000   Code   RO          752    .ARM.Collect$$libshutdown$$00000006  c_p.l(libshutdown2.o)
    0x00000156   0x00000000   Code   RO          755    .ARM.Collect$$libshutdown$$00000009  c_p.l(libshutdown2.o)
    0x00000156   0x00000000   Code   RO          757    .ARM.Collect$$libshutdown$$0000000B  c_p.l(libshutdown2.o)
    0x00000156   0x00000000   Code   RO          760    .ARM.Collect$$libshutdown$$0000000E  c_p.l(libshutdown2.o)
    0x00000156   0x00000002   Code   RO          761    .ARM.Collect$$libshutdown$$0000000F  c_p.l(libshutdown2.o)
    0x00000158   0x00000000   Code   RO          600    .ARM.Collect$$rtentry$$00000000  c_p.l(rtentry.o)
    0x00000158   0x00000000   Code   RO          606    .ARM.Collect$$rtentry$$00000002  c_p.l(rtentry2.o)
    0x00000158   0x00000006   Code   RO          618    .ARM.Collect$$rtentry$$00000004  c_p.l(rtentry4.o)
    0x0000015e   0x00000000   Code   RO          608    .ARM.Collect$$rtentry$$00000009  c_p.l(rtentry2.o)
    0x0000015e   0x00000004   Code   RO          609    .ARM.Collect$$rtentry$$0000000A  c_p.l(rtentry2.o)
    0x00000162   0x00000000   Code   RO          611    .ARM.Collect$$rtentry$$0000000C  c_p.l(rtentry2.o)
    0x00000162   0x00000008   Code   RO          612    .ARM.Collect$$rtentry$$0000000D  c_p.l(rtentry2.o)
    0x0000016a   0x00000002   Code   RO          641    .ARM.Collect$$rtexit$$00000000  c_p.l(rtexit.o)
    0x0000016c   0x00000000   Code   RO          695    .ARM.Collect$$rtexit$$00000002  c_p.l(rtexit2.o)
    0x0000016c   0x00000004   Code   RO          696    .ARM.Collect$$rtexit$$00000003  c_p.l(rtexit2.o)
    0x00000170   0x00000006   Code   RO          697    .ARM.Collect$$rtexit$$00000004  c_p.l(rtexit2.o)
    0x00000176   0x00000140   Code   RO            3    .text               ht32f5xxxx_adc.o
    0x000002b6   0x00000002   PAD
    0x000002b8   0x000000c4   Code   RO          129    .text               ht32f5xxxx_bftm.o
    0x0000037c   0x00000488   Code   RO          149    .text               ht32f5xxxx_ckcu.o
    0x00000804   0x000001cc   Code   RO          171    .text               ht32f5xxxx_exti.o
    0x000009d0   0x00000300   Code   RO          191    .text               ht32f5xxxx_gpio.o
    0x00000cd0   0x0000006c   Code   RO          234    .text               ht32f5xxxx_rstcu.o
    0x00000d3c   0x00000672   Code   RO          254    .text               ht32f5xxxx_tm.o
    0x000013ae   0x00000002   PAD
    0x000013b0   0x000002fc   Code   RO          274    .text               ht32f5xxxx_usart.o
    0x000016ac   0x00000114   Code   RO          337    .text               ht32_cm0plus_misc.o
    0x000017c0   0x00000200   Code   RO          376    .text               system_ht32f5xxxx_01.o
    0x000019c0   0x0000001c   Code   RO          452    .text               main.o
    0x000019dc   0x00000ad8   Code   RO          487    .text               bsp.o
    0x000024b4   0x000002d4   Code   RO          514    .text               ht32f5xxxx_01_it.o
    0x00002788   0x00001f88   Code   RO          560    .text               apilib.o
    0x00004710   0x00000040   Code   RO          590    .text               c_p.l(rt_memclr.o)
    0x00004750   0x0000015a   Code   RO          592    .text               c_p.l(aeabi_sdiv.o)
    0x000048aa   0x00000006   Code   RO          596    .text               c_p.l(heapauxi.o)
    0x000048b0   0x0000003e   Code   RO          622    .text               c_p.l(sys_stackheap_outer.o)
    0x000048ee   0x0000000c   Code   RO          625    .text               c_p.l(exit.o)
    0x000048fa   0x00000002   PAD
    0x000048fc   0x00000008   Code   RO          637    .text               c_p.l(libspace.o)
    0x00004904   0x0000000c   Code   RO          692    .text               c_p.l(sys_exit.o)
    0x00004910   0x00000002   Code   RO          711    .text               c_p.l(use_no_semi.o)
    0x00004912   0x00000000   Code   RO          713    .text               c_p.l(indicate_semi.o)
    0x00004912   0x00000056   Code   RO          764    .text               c_p.l(__dczerorl2.o)
    0x00004968   0x0000001c   Code   RO          164    i.__ARM_common_switch8  ht32f5xxxx_ckcu.o
    0x00004984   0x00000158   Data   RO          338    .constdata          ht32_cm0plus_misc.o
    0x00004adc   0x00000020   Data   RO          762    Region$$Table       anon$$obj.o


    Execution Region RW_IRAM1 (Base: 0x20000000, Size: 0x00000658, Max: 0x00001000, ABSOLUTE, COMPRESSED[0x000000dc])

    Base Addr    Size         Type   Attr      Idx    E Section Name        Object

    0x20000000   0x00000168   Data   RW          339    .data               ht32_cm0plus_misc.o
    0x20000168   0x00000004   Data   RW          377    .data               system_ht32f5xxxx_01.o
    0x2000016c   0x00000004   Data   RW          515    .data               ht32f5xxxx_01_it.o
    0x20000170   0x00000284   Zero   RW          453    .bss                main.o
    0x200003f4   0x00000060   Zero   RW          638    .bss                c_p.l(libspace.o)
    0x20000454   0x00000004   PAD
    0x20000458   0x00000000   Zero   RW          445    HEAP                startup_ht32f52231_41.o
    0x20000458   0x00000200   Zero   RW          444    STACK               startup_ht32f52231_41.o


==============================================================================

Image component sizes


      Code (inc. data)   RO Data    RW Data    ZI Data      Debug   Object Name

      8072        190          0          0          0       7757   apilib.o
      2776         68          0          0          0       9026   bsp.o
       276         36        344        360          0       3808   ht32_cm0plus_misc.o
       724         44          0          4          0       2633   ht32f5xxxx_01_it.o
       320          0          0          0          0      58112   ht32f5xxxx_adc.o
       196         10          0          0          0       2679   ht32f5xxxx_bftm.o
      1188         46          0          0          0       9325   ht32f5xxxx_ckcu.o
       460          6          0          0          0       3403   ht32f5xxxx_exti.o
       768         26          0          0          0       6756   ht32f5xxxx_gpio.o
       108          4          0          0          0       1317   ht32f5xxxx_rstcu.o
      1650         38          0          0          0      13273   ht32f5xxxx_tm.o
       764         18          0          0          0       7986   ht32f5xxxx_usart.o
        28          4          0          0        644       5610   main.o
       236        194          0          0        512        876   startup_ht32f52231_41.o
       512         30          0          4          0      18633   system_ht32f5xxxx_01.o

    ----------------------------------------------------------------------
     18082        714        376        368       1156     151194   Object Totals
         0          0         32          0          0          0   (incl. Generated)
         4          0          0          0          0          0   (incl. Padding)

    ----------------------------------------------------------------------

      Code (inc. data)   RO Data    RW Data    ZI Data      Debug   Library Member Name

        86          0          0          0          0          0   __dczerorl2.o
         8          0          0          0          0         68   __main.o
        60          8          0          0          0          0   __scatter.o
        28          0          0          0          0          0   __scatter_zi.o
       346          0          0          0          0         92   aeabi_sdiv.o
        12          0          0          0          0         64   exit.o
         6          0          0          0          0        136   heapauxi.o
         0          0          0          0          0          0   indicate_semi.o
         2          0          0          0          0          0   libinit.o
         6          0          0          0          0          0   libinit2.o
         2          0          0          0          0          0   libshutdown.o
         2          0          0          0          0          0   libshutdown2.o
         8          4          0          0         96         68   libspace.o
        64          0          0          0          0        108   rt_memclr.o
         0          0          0          0          0          0   rtentry.o
        12          0          0          0          0          0   rtentry2.o
         6          0          0          0          0          0   rtentry4.o
         2          0          0          0          0          0   rtexit.o
        10          0          0          0          0          0   rtexit2.o
        12          4          0          0          0         60   sys_exit.o
        62          0          0          0          0         80   sys_stackheap_outer.o
         2          0          0          0          0         68   use_no_semi.o

    ----------------------------------------------------------------------
       738         16          0          0        100        744   Library Totals
         2          0          0          0          4          0   (incl. Padding)

    ----------------------------------------------------------------------

      Code (inc. data)   RO Data    RW Data    ZI Data      Debug   Library Name

       736         16          0          0         96        744   c_p.l

    ----------------------------------------------------------------------
       738         16          0          0        100        744   Library Totals

    ----------------------------------------------------------------------

==============================================================================


      Code (inc. data)   RO Data    RW Data    ZI Data      Debug   

     18820        730        376        368       1256     150094   Grand Totals
     18820        730        376        220       1256     150094   ELF Image Totals (compressed)
     18820        730        376        220          0          0   ROM Totals

==============================================================================

    Total RO  Size (Code + RO Data)                19196 (  18.75kB)
    Total RW  Size (RW Data + ZI Data)              1624 (   1.59kB)
    Total ROM Size (Code + RO Data + RW Data)      19416 (  18.96kB)

==============================================================================

